// Vitest Snapshot v1, https://vitest.dev/guide/snapshot.html

exports[`GET /api/credentials/{guid} > returns a credential by GUID 1`] = `
{
  "accessToken": "",
  "accountId": "",
  "accountName": "",
  "apiKey": Any<String>,
  "cloudEnvironment": "",
  "guid": Any<String>,
  "name": Any<String>,
  "privateKey": "",
  "refreshToken": "",
  "serverType": Any<String>,
  "snowflakeConnection": "",
  "token": "",
  "url": Any<String>,
}
`;
